// Jest Snapshot v1, https://goo.gl/fbAQLP

exports[`<ListViewComponent /> should render and match the snapshot 1`] = `
<div
  className="sc-fzoLag ikcvLg"
>
  <div
    className="list-options"
  >
    <button
      className="sc-fzqBZW cHkWYl"
    >
      Filters 
      <svg
        aria-hidden={true}
        className="MuiSvgIcon-root"
        focusable="false"
        style={
          Object {
            "color": "#12aab3",
            "fontSize": 20,
          }
        }
        viewBox="0 0 24 24"
      >
        <path
          d="M7 10l5 5 5-5z"
        />
      </svg>
    </button>
    <div
      className="searchboxwrapper"
    >
      <input
        className="searchbox"
        placeholder="Search"
        type="text"
      />
      <svg
        aria-hidden={true}
        className="MuiSvgIcon-root searchsubmit"
        focusable="false"
        viewBox="0 0 24 24"
      >
        <path
          d="M15.5 14h-.79l-.28-.27C15.41 12.59 16 11.11 16 9.5 16 5.91 13.09 3 9.5 3S3 5.91 3 9.5 5.91 16 9.5 16c1.61 0 3.09-.59 4.23-1.57l.27.28v.79l5 4.99L20.49 19l-4.99-5zm-6 0C7.01 14 5 11.99 5 9.5S7.01 5 9.5 5 14 7.01 14 9.5 11.99 14 9.5 14z"
        />
      </svg>
    </div>
    <span
      className="resetOption"
    >
      Reset
    </span>
    <button
      className="sc-fzokOt gDhfqG"
      style={
        Object {
          "marginLeft": "auto",
          "marginRight": 0,
        }
      }
    >
      Primary Button
    </button>
  </div>
  <div
    className="list-header"
  >
    <div
      className="list-header-columns"
    >
      PRODUCT MANUFACTURED
    </div>
    <div
      className="list-header-columns"
    >
      BATCH NO
    </div>
    <div
      className="list-header-columns"
    >
      ROOM ID
    </div>
  </div>
  <div
    className="list-body"
  >
    <div
      className="list-card"
    >
      <div
        className="list-card-columns"
      >
        -N/A-
      </div>
      <div
        className="list-card-columns"
      >
        -N/A-
      </div>
      <div
        className="list-card-columns"
      >
        -N/A-
      </div>
    </div>
    <div
      className="list-card"
    >
      <div
        className="list-card-columns"
      >
        -N/A-
      </div>
      <div
        className="list-card-columns"
      >
        -N/A-
      </div>
      <div
        className="list-card-columns"
      >
        -N/A-
      </div>
    </div>
    <div
      className="list-card"
    >
      <div
        className="list-card-columns"
      >
        -N/A-
      </div>
      <div
        className="list-card-columns"
      >
        -N/A-
      </div>
      <div
        className="list-card-columns"
      >
        -N/A-
      </div>
    </div>
    <div
      className="list-card"
    >
      <div
        className="list-card-columns"
      >
        -N/A-
      </div>
      <div
        className="list-card-columns"
      >
        -N/A-
      </div>
      <div
        className="list-card-columns"
      >
        -N/A-
      </div>
    </div>
  </div>
</div>
`;
