// Jest Snapshot v1, https://goo.gl/fbAQLP

exports[`<WorkArea /> should render and match the snapshot 1`] = `
<div
  className="sc-Axmtr emUUkZ"
>
  <div
    className="sc-AxmLO fOzufm"
  />
</div>
`;
