// Jest Snapshot v1, https://goo.gl/fbAQLP

exports[`<FormField /> should render and match the snapshot 1`] = `
<div>
  <label>
    Form Field
  </label>
  <div>
    <input
      placeholder="Form Field"
      type="text"
    />
  </div>
</div>
`;
