// Jest Snapshot v1, https://goo.gl/fbAQLP

exports[`<DashboardLayout /> should render and match the snapshot 1`] = `
<div
  className="sc-AxjAm dRhhfm"
/>
`;
